# Iteration 3 Log

## Metadata

- **Task ID**: pi-autoresearch-z1z.5
- **Task Title**: US-2.3: Live Progress Display
- **Description**: As a researcher, I want real-time visibility into experiment progress so that I can monitor and intervene if needed.

## Acceptance Criteria
- [ ] Inline status widget showing: iteration count, best m...
- **Status**: completed
- **Task Completed**: Yes
- **Promise Detected**: Yes
- **Started At**: 2026-03-31T03:37:18.048Z
- **Ended At**: 2026-03-31T03:43:57.497Z
- **Duration**: 6m 39s
- **Agent**: opencode
- **Epic**: pi-autoresearch-z1z
- **Sandbox Mode**: auto
- **Sandbox Network**: Enabled
--- RAW OUTPUT ---
[94m[read][0m
[94m[read][0m
Looking at the code, I can see that US-2.3 (Live Progress Display) is already partially implemented in `src/main.rs` at line 492-498, showing:

```
[AutoResearch] Iter X/Y | Best: Z ({:+.1}%) | Stall: A/B | Backoff: {} | Time: C
```

However, the acceptance criteria requires:
1. ✅ Inline status widget showing iteration, best metric, stall count, elapsed time
2. ✅ Update every iteration completion  
3. ❌ Support `--verbose` for per-iteration details
4. ❌ Support `--quiet` for minimal output (just final result)

I need to add the `--verbose` and `--quiet` flags.
[94m[bash][0m Check existing tests to understand test structure $ cd /Users/sikashep/pi-autoresearch && cargo test --quiet 2>&1 | head -50
Now I'll add the `--verbose` and `--quiet` flags to implement the remaining acceptance criteria:
[94m[edit][0m
Now I need to update the progress display logic to respect these flags:
[94m[edit][0m
[94m[edit][0m
Now update the progress display to respect quiet mode and add verbose output:
[94m[edit][0m
Now add verbose output for per-iteration details:
[94m[edit][0m
Now update the stuck detection messages to respect quiet mode:
[94m[edit][0m
[94m[edit][0m
[94m[edit][0m
[94m[edit][0m
Now update the final output to respect quiet mode:
[94m[edit][0m
Now let's run cargo check and cargo test to verify everything works:
[94m[bash][0m Check for compilation errors $ cd /Users/sikashep/pi-autoresearch && cargo check 2>&1
[94m[read][0m
I need to fix the scope issue - `quiet_mode` is defined inside the `if cli.max_iterations.is_some()` block but used outside. Let me check the code structure:
The issue is that `quiet_mode` is defined inside the `if cli.max_iterations.is_some()` block. I should use `cli.quiet` directly instead. Let me fix this:
[94m[edit][0m
[94m[edit][0m
[94m[edit][0m
[94m[edit][0m
[94m[edit][0m
[94m[edit][0m
[94m[edit][0m
[94m[edit][0m
[94m[edit][0m
[94m[edit][0m
Now let's run cargo check again:
[94m[bash][0m Check for compilation errors $ cd /Users/sikashep/pi-autoresearch && cargo check 2>&1
Good, just a warning about unused variable. Let me fix that:
[94m[edit][0m
[94m[bash][0m Run cargo check and tests $ cd /Users/sikashep/pi-autoresearch && cargo check 2>&1 && cargo test 2>&1
All tests pass. Now let's verify the new flags work:
[94m[bash][0m Verify verbose and quiet flags are available $ cd /Users/sikashep/pi-autoresearch && cargo run -- --help 2>&1 | grep -A2 -E "(verbose|quiet)"
Let's test the flags with a quick run:
[94m[bash][0m Test quiet mode output $ cd /Users/sikashep/pi-autoresearch && cargo run -- --question "test" --baseline 100 --measure "echo ...
[94m[bash][0m Test quiet mode output with auto-approve $ cd /Users/sikashep/pi-autoresearch && cargo run -- --question "test" --baseline 100 --measure "echo ...
Quiet mode works - only shows the final result. Let's test verbose mode:
[94m[bash][0m Test verbose mode output $ cd /Users/sikashep/pi-autoresearch && cargo run -- --question "test" --baseline 100 --measure "echo ...
Verbose mode works - shows per-iteration details with metric values and agent actions. Now let me close the bead and document learnings:
[94m[bash][0m Close the bead $ cd /Users/sikashep/pi-autoresearch && bd close pi-autoresearch-z1z.5 --db /Users/sikashep/pi-autores...
[94m[edit][0m
Now let me update the progress.md file:
[94m[bash][0m Final test verification $ cd /Users/sikashep/pi-autoresearch && cargo test --quiet 2>&1
<promise>COMPLETE</promise>
