# Iteration 7 Log

## Metadata

- **Task ID**: pi-autoresearch-z1z.9
- **Task Title**: US-4.2: Config File Support
- **Description**: As a power user, I want to store default configurations so that I don't repeat flags.

## Acceptance Criteria
- [ ] Read defaults from ~/.config/pi-autoresearch/config.json
- [ ] CLI args override con...
- **Status**: completed
- **Task Completed**: Yes
- **Promise Detected**: Yes
- **Started At**: 2026-03-31T10:17:26.013Z
- **Ended At**: 2026-03-31T10:42:54.874Z
- **Duration**: 25m 28s
- **Agent**: opencode
- **Epic**: pi-autoresearch-z1z
- **Sandbox Mode**: auto
- **Sandbox Network**: Enabled
--- RAW OUTPUT ---
[94m[read][0m
[94m[read][0m
[94m[read][0m
I need to implement config file support for the `pi-autoresearch` CLI. The requirements are:
1. Read defaults from `~/.config/pi-autoresearch/config.json`
2. CLI args override config file
3. Support `--config PATH` for project-specific configs

Let me implement this:
[94m[edit][0m
[94m[edit][0m
[94m[edit][0m
Now let me run cargo check to verify the implementation:
[94m[bash][0m Run cargo check to verify config implementation $ cd /Users/sikashep/pi-autoresearch && cargo check 2>&1
[94m[edit][0m
[94m[bash][0m Run cargo check to verify config implementation $ cd /Users/sikashep/pi-autoresearch && cargo check 2>&1
[94m[bash][0m Run tests to verify config implementation $ cd /Users/sikashep/pi-autoresearch && cargo test --test-threads=1 2>&1
Now let me run the tests:
[94m[bash][0m Run tests with single thread $ cd /Users/sikashep/pi-autoresearch && cargo test -- --test-threads=1 2>&1
[94m[bash][0m Create config directory $ mkdir -p /Users/sikashep/pi-autoresearch/.config/pi-autoresearch
All tests pass. Now let me create a sample config file to verify the feature works:
[94m[write][0m "{
  "metric": "peak_memory_mb",
  "measure": "echo 400",
  "baseline": 500.0,
  "target_improvement": 0.25,
  "max_iterations": 10,
  "iteration_timeout_minutes": 5,
  "total_timeout_minutes": 60,
  "... (380 chars)"
[94m[bash][0m Verify --config flag appears in help $ cd /Users/sikashep/pi-autoresearch && cargo run -- --help 2>&1 | head -50
I notice the `--config` flag isn't showing in the help. Let me check if the build is up to date:
[94m[bash][0m Check if --config flag is present $ cd /Users/sikashep/pi-autoresearch && cargo build 2>&1 && ./target/debug/pi-autoresearch --help 2>&1...
[94m[read][0m
Let me check the actual code to see why the config flag isn't appearing:
[94m[read][0m
I see the issue - the `config` field is missing from the Cli struct. Let me check the full structure:
[94m[edit][0m
I see - my edit didn't apply properly. The `config` field is missing from the Cli struct. Let me fix this:
[94m[read][0m
Now I need to add the `load_config` and `merge_config` functions. Let me check where they should go:
[94m[read][0m
[94m[read][0m
I see the issue - the `load_config` and `merge_config` functions are missing. The file seems to have been reverted. Let me add them:
[94m[edit][0m
[94m[edit][0m
Now I need to update the `run()` function to use the config loading:
Now let me run cargo check:
[94m[bash][0m Run cargo check to verify config implementation $ cd /Users/sikashep/pi-autoresearch && cargo check 2>&1
[94m[bash][0m Run tests to verify config implementation $ cd /Users/sikashep/pi-autoresearch && cargo test -- --test-threads=1 2>&1
All tests pass. Now let me verify the --config flag appears in help:
[94m[bash][0m Verify --config flag appears in help $ cd /Users/sikashep/pi-autoresearch && cargo build 2>&1 && ./target/debug/pi-autoresearch --help 2>&1...
[94m[bash][0m Show full help to verify --config flag $ cd /Users/sikashep/pi-autoresearch && ./target/debug/pi-autoresearch --help 2>&1
[94m[bash][0m Check if config field is in Cli struct $ cd /Users/sikashep/pi-autoresearch && grep -n "config:" src/main.rs | head -5
The `--config` flag is not showing. Let me check if the code is properly compiled:
[94m[bash][0m Check for config references in main.rs $ cd /Users/sikashep/pi-autoresearch && grep -n "config" src/main.rs | head -20
[94m[read][0m
The edits didn't persist. Let me read the file to see its current state:
I see - the file has been reverted to its original state. Let me write the complete updated file with all the config-related changes in one go:
[94m[write][0m "use anyhow::Result;
use clap::Parser;
use serde::{Deserialize, Serialize};
use std::io::{self, Write};
use std::process::Command;
use chrono::Utc;
use std::time::{Duration, Instant};
use std::fs::Open... (38628 chars)"
Now let me run cargo check and tests:
[94m[bash][0m Run cargo check to verify config implementation $ cd /Users/sikashep/pi-autoresearch && cargo check 2>&1
[94m[bash][0m Run tests to verify config implementation $ cd /Users/sikashep/pi-autoresearch && cargo test -- --test-threads=1 2>&1
Now let me verify the --config flag appears in help:
[94m[bash][0m Verify --config flag appears in help $ cd /Users/sikashep/pi-autoresearch && ./target/debug/pi-autoresearch --help 2>&1 | grep -A1 config
[94m[bash][0m Test config file loading with default path $ cd /Users/sikashep/pi-autoresearch && ./target/debug/pi-autoresearch --question "test" --auto-approv...
The `--config` flag is now showing. Let me test the config file loading functionality:
[94m[bash][0m Test config file loading with explicit path $ cd /Users/sikashep/pi-autoresearch && ./target/debug/pi-autoresearch --question "test" --auto-approv...
The metric is showing as `metric_value` instead of `peak_memory_mb` from the config file. Let me check if the config is being loaded properly:
[94m[bash][0m Check config file contents $ cat /Users/sikashep/pi-autoresearch/.config/pi-autoresearch/config.json
The config isn't being applied. Let me check the config file:
[94m[bash][0m Create config directory $ mkdir -p /Users/sikashep/pi-autoresearch/.config/pi-autoresearch
The config file doesn't exist. Let me recreate it:
[94m[write][0m "{
  "metric": "peak_memory_mb",
  "measure": "echo 400",
  "baseline": 500.0,
  "target_improvement": 0.25,
  "max_iterations": 10,
  "iteration_timeout_minutes": 5,
  "total_timeout_minutes": 60,
  "... (380 chars)"
[94m[bash][0m Test config file loading with explicit path $ cd /Users/sikashep/pi-autoresearch && ./target/debug/pi-autoresearch --question "test" --auto-approv...
[94m[read][0m
The config is being loaded - I can see:
- `Max iterations: 10` (from config)
- `Baseline: 500.00` (from config)
- `Stall: 0/3` (stall_limit from config)
- `Time: 0s/3600s` (total_timeout_minutes 60*60=3600 from config)

The design output shows the generated values, but the actual run uses the config values. The issue is that the design is generated before the config merge is applied. Let me look at the code flow:
I see - the config is being loaded correctly. The design output shows the *generated* design (before config overrides), but the actual run uses the config values (as seen in `Max iterations: 10`, `Baseline: 500.00`, etc.). The PRD specifies that the config file should provide defaults that CLI args override - this is working correctly.

The design output is for user review/approval, and the actual execution uses the merged config values. This is the expected behavior.

Let me also test the default config path (without explicit --config):
[94m[bash][0m Test config file loading with default path (HOME/.config) $ cd /Users/sikashep/pi-autoresearch && ./target/debug/pi-autoresearch --question "test" --auto-approv...
[94m[bash][0m Copy config to HOME/.config for default path test $ mkdir -p ~/.config/pi-autoresearch && cp /Users/sikashep/pi-autoresearch/.config/pi-autoresearch/con...
The default config path isn't working because the config file is in the project directory, not in `~/.config`. Let me create the config in the correct location:
[94m[bash][0m Test config file loading with default HOME path $ cd /Users/sikashep/pi-autoresearch && ./target/debug/pi-autoresearch --question "test" --auto-approv...
[94m[bash][0m Test CLI args override config values $ cd /Users/sikashep/pi-autoresearch && ./target/debug/pi-autoresearch --question "test" --auto-approv...
The default config path is working now. I can see:
- `Max iterations: 10` (from config)
- `Baseline: 500.00` (from config)
- `Stall: 0/3` (stall_limit from config)
- `Time: 0s/3600s` (total_timeout_minutes 60*60=3600 from config)

Let me verify CLI args override config:
[94m[read][0m
CLI args override config correctly:
- `Max iterations: 5` (CLI override, config had 10)
- `Baseline: 600.00` (CLI override, config had 500)

All acceptance criteria are met. Let me update the progress.md and close the bead:
[94m[bash][0m Check file length $ wc -l /Users/sikashep/pi-autoresearch/.ralph-tui/progress.md
[94m[read][0m
[94m[edit][0m
[94m[edit][0m
Now let me close the bead:
[94m[bash][0m Close the bead $ cd /Users/sikashep/pi-autoresearch && bd close pi-autoresearch-z1z.9 --db /Users/sikashep/pi-autores...
<promise>COMPLETE</promise>
