# Iteration 1 Log

## Metadata

- **Task ID**: pi-autoresearch-z1z.3
- **Task Title**: US-2.1: Iterative Exploration Loop
- **Description**: As a researcher, I want the CLI to loop through agent iterations, each proposing and testing changes so that it can autonomously explore the solution space.

## Acceptance Criteria
- [ ] Each iteratio...
- **Status**: completed
- **Task Completed**: Yes
- **Promise Detected**: Yes
- **Started At**: 2026-03-31T03:31:02.976Z
- **Ended At**: 2026-03-31T03:32:23.134Z
- **Duration**: 1m 20s
- **Agent**: opencode
- **Epic**: pi-autoresearch-z1z
- **Sandbox Mode**: auto
- **Sandbox Network**: Enabled
--- RAW OUTPUT ---
[94m[read][0m
[94m[glob][0m pattern: [96msrc/**/*.rs[0m
[94m[read][0m
[94m[read][0m
The iterative exploration loop is already implemented in `src/main.rs`. Let me verify it compiles and tests pass:
[94m[bash][0m Check Rust code compiles $ cargo check 2>&1
[94m[bash][0m Run Rust tests $ cargo test 2>&1
[94m[edit][0m
All tests pass. The implementation for US-2.1 is complete. Let me document the learnings and close the bead:
[94m[bash][0m Close bead pi-autoresearch-z1z.3 $ bd close pi-autoresearch-z1z.3 --db /Users/sikashep/pi-autoresearch/.beads/beads.db --reason "US-2.1...
<promise>COMPLETE</promise>
