# Iteration 6 Log

## Metadata

- **Task ID**: pi-autoresearch-z1z.8
- **Task Title**: US-4.1: CLI Arguments
- **Description**: As a user, I want a simple CLI interface with sensible defaults so that I can run experiments with minimal setup.

## Acceptance Criteria
- [ ] Implement all CLI arguments: --question, --metric, --mea...
- **Status**: completed
- **Task Completed**: Yes
- **Promise Detected**: Yes
- **Started At**: 2026-03-31T10:13:59.166Z
- **Ended At**: 2026-03-31T10:17:24.110Z
- **Duration**: 3m 24s
- **Agent**: opencode
- **Epic**: pi-autoresearch-z1z
- **Sandbox Mode**: auto
- **Sandbox Network**: Enabled
--- RAW OUTPUT ---
[94m[read][0m
[94m[read][0m
[94m[read][0m
All CLI arguments are already implemented in the `Cli` struct. Let me verify they match the PRD requirements and run quality checks.
[94m[bash][0m Check code compiles without errors $ cd /Users/sikashep/pi-autoresearch && cargo check 2>&1
[94m[bash][0m Run all tests $ cd /Users/sikashep/pi-autoresearch && cargo test 2>&1
[94m[read][0m
[94m[bash][0m Run single failing test with output $ cd /Users/sikashep/pi-autoresearch && cargo test test_iterative_loop_single_iteration -- --nocapture...
Tests appear to be flaky. Let me run them again:
[94m[bash][0m Run all tests again $ cd /Users/sikashep/pi-autoresearch && cargo test 2>&1
[94m[bash][0m Check test stderr output $ cd /Users/sikashep/pi-autoresearch && cargo test test_iteration_keeps_improvement -- --nocapture 2>&...
[94m[bash][0m Run tests serially $ cd /Users/sikashep/pi-autoresearch && cargo test -- --test-threads=1 2>&1
All 19 tests pass when run serially. The parallel test failures are due to race conditions (pre-existing issue). Let me verify the CLI arguments match the PRD:
[94m[bash][0m Show CLI help to verify arguments $ cd /Users/sikashep/pi-autoresearch && cargo run -- --help 2>&1
[94m[edit][0m
All CLI arguments from the PRD are implemented with sensible defaults. Now let me update progress.md and close the bead:
[94m[read][0m
[94m[edit][0m
[94m[bash][0m Close the bead $ cd /Users/sikashep/pi-autoresearch && bd close pi-autoresearch-z1z.8 --db /Users/sikashep/pi-autores...
<promise>COMPLETE</promise>
