# Iteration 1 Log

## Metadata

- **Task ID**: pi-autoresearch-z1z.1
- **Task Title**: US-1.1: Auto-Generate Experiment Design
- **Description**: As a researcher, I want the CLI to auto-generate an experiment design from a research question so that I can quickly start experiments without manual setup.

## Acceptance Criteria
- [ ] Accept resear...
- **Status**: completed
- **Task Completed**: Yes
- **Promise Detected**: Yes
- **Started At**: 2026-03-31T02:18:34.547Z
- **Ended At**: 2026-03-31T02:23:15.973Z
- **Duration**: 4m 41s
- **Agent**: opencode
- **Epic**: pi-autoresearch-z1z
- **Sandbox Mode**: auto
- **Sandbox Network**: Enabled
--- RAW OUTPUT ---
[94m[read][0m
I'll implement US-1.1: Auto-Generate Experiment Design for the pi-autoresearch CLI tool.

Let me start by studying the existing codebase context and progress.
[94m[read][0m
[94m[glob][0m pattern: [96m**/*.toml[0m
[94m[bash][0m List tasks directory contents $ ls -la /Users/sikashep/pi-autoresearch/tasks/
[94m[bash][0m Initialize Rust project $ cargo init --name pi_autoresearch
[94m[read][0m
[94m[edit][0m
Now I'll implement the CLI for US-1.1. Let me update Cargo.toml with necessary dependencies and create the CLI structure.
[94m[write][0m "use anyhow::Result;
use clap::Parser;
use serde::{Deserialize, Serialize};
use std::io::{self, Write};

#[derive(Parser, Debug)]
#[command(name = "pi-autoresearch")]
#[command(about = "Autonomous rese... (3714 chars)"
[94m[read][0m
[94m[write][0m "use anyhow::Result;
use clap::Parser;
use serde::{Deserialize, Serialize};
use std::io::{self, Write};

#[derive(Parser, Debug)]
#[command(name = "pi-autoresearch")]
#[command(about = "Autonomous rese... (3714 chars)"
Now let me verify the implementation with cargo check:
[94m[bash][0m Check Rust code compiles $ cargo check 2>&1
Now let me test the CLI with the example from the PRD:
[94m[bash][0m Test CLI help output $ cargo run -- --help 2>&1
[94m[bash][0m Test experiment design generation $ cargo run -- --question "Can we reduce memory usage in the image processing pipeline?" --auto-approv...
[94m[bash][0m Check if tests directory exists $ ls -la /Users/sikashep/pi-autoresearch/tests/ 2>&1 || echo "No tests directory"
The output matches the expected format from the PRD. Now let me add unit tests:
[94m[bash][0m Create tests directory $ mkdir -p /Users/sikashep/pi-autoresearch/tests
[94m[write][0m "use assert_cmd::Command;
use serde_json::Value;
use std::process::Output;

fn get_cli_output(args: &[&str]) -> Output {
    let mut cmd = Command::cargo_bin("pi-autoresearch").unwrap();
    cmd.args(a... (2937 chars)"
[94m[edit][0m
[94m[bash][0m Run tests $ cargo test 2>&1
The tests are failing because the output format includes "Running" text. Let me debug and fix:
[94m[bash][0m Debug test output $ cargo test test_question_argument_parsing -- --nocapture 2>&1 | tail -30
[94m[edit][0m
[94m[bash][0m Debug test output with print statements $ cargo test test_question_argument_parsing -- --nocapture 2>&1 | grep -A5 "DEBUG"
[94m[edit][0m
The issue is that `.lines()` splits on newlines. Let me fix the parsing:
[94m[bash][0m Run tests again $ cargo test 2>&1
[94m[bash][0m Verify cargo check passes $ cargo check 2>&1
All tests pass. Now let me verify cargo check passes:
[94m[read][0m
Now let me update the progress.md file and close the bead:
[94m[edit][0m
[94m[bash][0m Close bead $ bd close pi-autoresearch-z1z.1 --db /Users/sikashep/pi-autoresearch/.beads/beads.db --reason "Implem...
<promise>COMPLETE</promise>
