# Iteration 2 Log

## Metadata

- **Task ID**: pi-autoresearch-z1z.2
- **Task Title**: US-1.2: Baseline Verification
- **Description**: As a researcher, I want the baseline metric automatically measured and verified so that I have a trusted reference point for improvement.

## Acceptance Criteria
- [ ] Execute measurement methodology ...
- **Status**: completed
- **Task Completed**: No
- **Promise Detected**: No
- **Started At**: 2026-03-31T02:23:17.884Z
- **Ended At**: 2026-03-31T02:30:07.246Z
- **Duration**: 6m 49s
- **Agent**: opencode
- **Epic**: pi-autoresearch-z1z
- **Sandbox Mode**: auto
- **Sandbox Network**: Enabled
--- RAW OUTPUT ---
[94m[read][0m
[94m[glob][0m pattern: [96m**/*.rs[0m
[94m[read][0m
[94m[read][0m
[94m[read][0m
Now I'll implement US-1.2: Baseline Verification. I need to add:

1. A `--verify-baseline` flag to trigger baseline verification mode
2. Execute the measurement methodology (command)
3. Record baseline with timestamp and git commit hash
4. Run measurement twice and validate <5% variance
5. Store baseline in `autoresearch.jsonl` session file
6. Fail fast if baseline cannot be established
[94m[edit][0m
[94m[edit][0m
[94m[edit][0m
[94m[edit][0m
[94m[edit][0m
[94m[edit][0m
Now I need to add the chrono dependency:
Now I need to implement the From trait for BaselineError to convert to anyhow::Error:
[94m[edit][0m
[94m[edit][0m
Now let me add integration tests for baseline verification:
Now let me run cargo check to verify the code compiles:
[94m[bash][0m Check if code compiles $ cd /Users/sikashep/pi-autoresearch && cargo check 2>&1
[94m[edit][0m
I need to fix several issues:
1. Format string issue with `{:.2%}` - need to use `{:.2}%`
2. Remove the conflicting From implementation (anyhow already handles StdError)
3. Fix the partial move issue
4. Remove unused imports
[94m[edit][0m
[94m[edit][0m
[94m[edit][0m
[94m[edit][0m
[94m[bash][0m Check if code compiles $ cd /Users/sikashep/pi-autoresearch && cargo check 2>&1
Now let me run the tests:
[94m[bash][0m Run all tests $ cd /Users/sikashep/pi-autoresearch && cargo test 2>&1
The tests are failing because the output includes progress text that interferes with JSON parsing. Let me check what the actual output looks like:
[94m[bash][0m Test baseline verification output $ cd /Users/sikashep/pi-autoresearch && cargo run --quiet -- --verify-baseline --metric test_metric --...
[94m[edit][0m
The issue is that the progress output goes to stdout along with the JSON. I need to send the progress to stderr. Let me update the code:
[94m[edit][0m
[94m[bash][0m Check code compiles $ cd /Users/sikashep/pi-autoresearch && cargo check 2>&1
[94m[bash][0m Run all tests $ cd /Users/sikashep/pi-autoresearch && cargo test 2>&1
[94m[bash][0m Check session file contents $ cat /tmp/test_baseline_session.jsonl
All tests pass. Let me verify the session file was correctly written:

--- STDERR ---
[93m[1m! [0mpermission requested: external_directory (/private/tmp/*); auto-rejecting
