# Iteration 3 Log

## Metadata

- **Task ID**: pi-autoresearch-z1z.10
- **Task Title**: US-5.1: Session Logging
- **Description**: As a researcher, I want all experiments logged to a session file so that I can review, resume, or analyze later.

## Acceptance Criteria
- [ ] Append to autoresearch.jsonl (JSON Lines format)
- [ ] Ea...
- **Status**: completed
- **Task Completed**: No
- **Promise Detected**: No
- **Started At**: 2026-03-31T17:12:13.210Z
- **Ended At**: 2026-03-31T17:40:22.832Z
- **Duration**: 28m 9s
- **Agent**: opencode
- **Epic**: pi-autoresearch-z1z
- **Sandbox Mode**: auto
- **Sandbox Network**: Enabled
--- RAW OUTPUT ---
[94m[read][0m
[94m[glob][0m pattern: [96m**/*.rs[0m
[94m[read][0m
[94m[read][0m
[94m[read][0m
[94m[grep][0m [95m/Users/sikashep/pi-autoresearch/src/main.rs[0m pattern: [96mhistory|resume[0m
Now I need to check if the session logging features for `--resume` and `--history` are already implemented. Looking at the code, I can see:

1. **Session file exists**: The code already has `--session-file` (line 68) and writes to `autoresearch.jsonl`
2. **Baseline and iteration records are logged**: Already implemented via `save_to_session_file` and `log_iteration`
3. **`--history` flag**: Already defined in CLI (line 88-89) and `list_history` function exists (line 1080-1122)
4. **`--resume` flag**: Already defined in CLI (line 84-85) and `find_session_by_id` function exists (line 1124-1136)

Let me verify the implementation is complete by checking the main function flow:
[94m[bash][0m Run cargo check to verify code compiles $ cd /Users/sikashep/pi-autoresearch && cargo check 2>&1
The session logging functionality is already implemented. Let me run `cargo check` and `cargo test` to verify everything works correctly:
[94m[bash][0m Run all tests to verify functionality $ cd /Users/sikashep/pi-autoresearch && cargo test 2>&1
There are 3 failing tests. Let me investigate the issue:
[94m[bash][0m Run specific failing test to see error $ cd /Users/sikashep/pi-autoresearch && cargo test test_iterative_loop_single_iteration 2>&1 | head -1...
The test passes when run individually. The failures may be due to shared state between tests. Let me run all tests again to see if they're flaky:
[94m[bash][0m Run all tests again to check for flakiness $ cd /Users/sikashep/pi-autoresearch && cargo test 2>&1
The tests are flaky - they fail when run together but pass individually. This suggests there may be shared state or timing issues. Let me check what error is actually happening:
[94m[bash][0m Run the command manually to see error $ cd /Users/sikashep/pi-autoresearch && ./target/debug/pi-autoresearch --question "reduce memory" --au...
The command works fine manually. The issue is likely that tests are running in parallel and the finalization step is trying to create git branches that conflict. Let me check the test output more carefully:
[94m[bash][0m Run test with verbose output $ cd /Users/sikashep/pi-autoresearch && cargo test test_session_file_path_configurable -- --nocapture ...
[94m[read][0m
The tests pass individually but fail when run in parallel. This is because multiple tests are trying to create git branches simultaneously (finalization step). Let me check if there's a way to make the tests run serially. I'll add a `--quiet` flag to prevent git branch creation during tests:
I see the issue. The tests that involve `--max-iterations` trigger the full experiment flow including finalization which creates git branches. When multiple tests run in parallel, they conflict. I need to add `--quiet` flag to prevent git branch creation, or use a higher target-improvement to skip finalization. Let me fix the tests:
[94m[edit][0m
[94m[edit][0m
[94m[read][0m
[94m[read][0m
[94m[edit][0m
[94m[read][0m
Now I need to also add `--quiet` to the `test_iteration_keeps_improvement` test:
[94m[read][0m
[94m[grep][0m [95m/Users/sikashep/pi-autoresearch/tests/integration_tests.rs[0m pattern: [96mtest_iteration_keeps_improvement[0m
[94m[read][0m
[94m[read][0m
[94m[read][0m
[94m[read][0m
[94m[edit][0m
Now let me run the tests again to verify they all pass:
[94m[bash][0m Run all tests to verify they pass $ cd /Users/sikashep/pi-autoresearch && cargo test 2>&1
The tests are still failing due to race conditions. The issue is that even with `--quiet`, the git branch creation happens. Let me check if the failure is due to `--quiet` not preventing git operations:
[94m[bash][0m Test with quiet flag to see if git is still called $ cd /Users/sikashep/pi-autoresearch && ./target/debug/pi-autoresearch --question "test" --auto-approv...
The `--quiet` flag works and the test passes manually. The issue is that tests are running in parallel and there's a race condition. Let me check the test more carefully - the issue may be with the test file being shared between tests. Let me add a unique session file for each test and use `#[serial]` annotation to run them serially:
[94m[edit][0m
[94m[edit][0m
[94m[edit][0m
[94m[edit][0m
[94m[edit][0m
Now let me run the tests again:
[94m[bash][0m Run all tests again to verify they pass $ cd /Users/sikashep/pi-autoresearch && cargo test 2>&1
Still failing. Let me check the actual error output:
[94m[bash][0m Check test output for error details $ cd /Users/sikashep/pi-autoresearch && cargo test test_iterative_loop_single_iteration -- --nocapture...
The test passes individually but fails in parallel. The issue is that multiple tests are trying to create git branches at the same time during finalization. Let me check if there's a way to disable git operations in tests. Looking at the code, the finalization creates git branches when target improvement is met. I'll set the target improvement to a value that won't be met:
[94m[bash][0m Check for stderr in failing test $ cd /Users/sikashep/pi-autoresearch && cargo test test_session_file_path_configurable 2>&1 | grep -A ...
Let me add a helper function to capture stderr as well:
[94m[bash][0m Get detailed error with backtrace $ cd /Users/sikashep/pi-autoresearch && RUST_BACKTRACE=1 cargo test test_session_file_path_configurabl...
[94m[edit][0m
The test passes individually. The issue is clear now - when tests run in parallel, multiple processes try to create git branches with the same timestamp-based names, causing conflicts. I need to add the `serial` crate to run tests serially, or modify the tests to not trigger finalization. Let me add a higher target improvement threshold to skip finalization:
[94m[read][0m
I see my previous edits weren't applied. The tests have the `--quiet` flag but they're still failing in parallel. The issue is that even with `--quiet`, the git branch creation happens during finalization. Let me add the `serial` crate to Cargo.toml and use `#[serial]` attribute for the tests that involve git operations:
[94m[edit][0m
[94m[edit][0m
[94m[edit][0m
[94m[edit][0m
[94m[edit][0m
[94m[edit][0m
Now I need to add the `serial_test` crate to Cargo.toml:
[94m[bash][0m Run all tests with serial_test crate $ cd /Users/sikashep/pi-autoresearch && cargo test 2>&1
All 19 tests pass. Now let me run `cargo check` to verify everything compiles:
[94m[bash][0m Run cargo check to verify code compiles $ cd /Users/sikashep/pi-autoresearch && cargo check 2>&1
[94m[bash][0m Test history command $ cd /Users/sikashep/pi-autoresearch && ./target/debug/pi-autoresearch --history 2>&1
Now let me verify the session logging features work correctly by testing them:
[94m[bash][0m Test session logging and verify output $ cd /Users/sikashep/pi-autoresearch && ./target/debug/pi-autoresearch --question "test memory" --auto...
[94m[bash][0m Test history command with session file $ cd /Users/sikashep/pi-autoresearch && ./target/debug/pi-autoresearch --session-file /tmp/test_sessio...
[94m[read][0m
The history command is not finding the experiment. Let me check the read_session_file function - it seems like the issue is that the ExperimentSession is being written but not being read back:
[94m[read][0m
[94m[read][0m
[94m[read][0m
[94m[read][0m
[94m[read][0m
[94m[read][0m
[94m[grep][0m [95m/Users/sikashep/pi-autoresearch/src/main.rs[0m pattern: [96mfn read_session_file[0m
[94m[read][0m
[94m[grep][0m [95m/Users/sikashep/pi-autoresearch/src/main.rs[0m pattern: [96mSessionRecord[0m
The read tool seems to be stuck. Let me try a different approach:
[94m[read][0m
[94m[bash][0m Read SessionRecord enum definition $ sed -n '1020,1080p' /Users/sikashep/pi-autoresearch/src/main.rs
Let me use bash to read the specific lines:
[94m[bash][0m Check how session is written to file $ sed -n '1430,1445p' /Users/sikashep/pi-autoresearch/src/main.rs
I see the issue. The `read_session_file` function is checking for `"session_id"` but the session is being written with pretty-printed JSON (multiple lines), not as a single line. The `list_history` function is then not finding the experiment because the session JSON spans multiple lines.

Looking at the session file output from earlier, the session is written as pretty-printed JSON which spans multiple lines. The `read_session_file` function expects each record to be on a single line (JSON Lines format).

Let me check how the session is being written:
[94m[edit][0m
I see the issue. The session is being written with `to_string_pretty` which creates multi-line JSON, but the `read_session_file` function expects JSON Lines format (one JSON object per line). I need to fix this by using `to_string` instead of `to_string_pretty` for the session:
[94m[bash][0m Find all places sessions are written $ grep -n "to_string_pretty.*session" /Users/sikashep/pi-autoresearch/src/main.rs
There's also another place where the session is written (in the resume flow). Let me check:
[94m[bash][0m Check resume flow session writing $ sed -n '1260,1275p' /Users/sikashep/pi-autoresearch/src/main.rs
[94m[edit][0m
Now let me rebuild and test:
[94m[bash][0m Rebuild the project $ cd /Users/sikashep/pi-autoresearch && cargo build 2>&1
[94m[bash][0m Run experiment with fixed session logging $ cd /Users/sikashep/pi-autoresearch && rm -f /tmp/test_session.jsonl && ./target/debug/pi-autoresearc...

--- STDERR ---
[93m[1m! [0mpermission requested: external_directory (/private/tmp/*); auto-rejecting
