# Iteration 2 Log

## Metadata

- **Task ID**: pi-autoresearch-z1z.7
- **Task Title**: US-3.2: Failed Experiment Reporting
- **Description**: As a researcher, I want clear reporting when experiments fail to meet targets so that I can learn and adjust.

## Acceptance Criteria
- [ ] If target not met: do NOT apply changes
- [ ] Generate repor...
- **Status**: completed
- **Task Completed**: No
- **Promise Detected**: No
- **Started At**: 2026-03-31T16:12:45.303Z
- **Ended At**: 2026-03-31T17:11:56.910Z
- **Duration**: 59m 11s
- **Agent**: opencode
- **Epic**: pi-autoresearch-z1z
- **Sandbox Mode**: auto
- **Sandbox Network**: Enabled
--- RAW OUTPUT ---
[94m[read][0m
[94m[read][0m
[94m[glob][0m pattern: [96m**/*test*.rs[0m
[94m[read][0m
[94m[read][0m
Now I need to look at the `finalize_experiment` function to understand how it handles failed experiments. Let me check the current implementation more closely:
[94m[grep][0m [95m/Users/sikashep/pi-autoresearch/src[0m pattern: [96mStuckReason[0m
Now I understand the current state. Looking at the PRD for US-3.2, the acceptance criteria are:
1. If target not met: do NOT apply changes ✓ (already done - returns early at line 675-685)
2. Generate report showing: best improvement achieved, where exploration got stuck, recommendations for retry
3. Exit code 1 (failure) but with useful output ✓ (already done at line 1313)

The current implementation returns early when the target is not met but doesn't generate a detailed failure report. I need to:
1. Add fields to `FinalizationResult` to capture failure report details
2. Generate the failure report with best improvement, stuck reason, and recommendations
3. Update the output formatting to display the failure report

Let me also check how the stuck reason is tracked:
Now I have a clear picture. I need to implement the failure report generation. Let me create the implementation:
[94m[edit][0m
[94m[grep][0m [95m/Users/sikashep/pi-autoresearch/src[0m pattern: [96mfinalize_experiment[0m
Now I need to update the `finalize_experiment` function to generate the failure report when the target is not met. First, let me look at how the function is called to understand what parameters are available:
[94m[read][0m
I need to also pass the `stuck_reason` to the `finalize_experiment` function. Let me update the function signature and implementation:
Now let me add a Display implementation for StuckReason and update the finalize_experiment function signature:
[94m[edit][0m
[94m[edit][0m
Now let me update the `finalize_experiment` function signature and implementation:
[94m[edit][0m
Now let me update the failure case in `finalize_experiment` to generate the failure report:
[94m[edit][0m
Now I need to add the `generate_failure_recommendations` function. Let me add it before the `finalize_experiment` function:
[94m[edit][0m
Now I need to update the success case to include `failure_report: None`:
[94m[grep][0m [95m/Users/sikashep/pi-autoresearch/src/main.rs[0m pattern: [96mresult\.error_message = Some\([0m
Now I need to update all the error return paths in `finalize_experiment` to include `failure_report: None`:
[94m[read][0m
[94m[read][0m
[94m[grep][0m [95m/Users/sikashep/pi-autoresearch/src/main.rs[0m pattern: [96mreturn Ok\(result\);[0m
I need to add `failure_report: None` to all the error return paths. Let me do this with multiple edits:
[94m[read][0m
The result already has `failure_report: None` set in the initial struct, so those error returns will have it. Let me verify by checking the struct definition:
[94m[read][0m
Good, the struct already has `failure_report: Option<FailureReport>`. Now I need to update the calls to `finalize_experiment` to pass the `stuck_reason` parameter:
[94m[edit][0m
[94m[read][0m
[94m[edit][0m
Now I need to add the `print_failure_report` function. Let me add it before the `run` function:
[94m[read][0m
[94m[edit][0m
Now let me run `cargo check` to verify the code compiles:
[94m[bash][0m Check for compilation errors $ cd /Users/sikashep/pi-autoresearch && cargo check 2>&1
[94m[bash][0m Run tests with single thread $ cd /Users/sikashep/pi-autoresearch && cargo test --test-threads=1 2>&1
Now let me run the tests:
[94m[bash][0m Run tests with single thread $ cd /Users/sikashep/pi-autoresearch && cargo test -- --test-threads=1 2>&1
[94m[bash][0m Run a single test to verify $ cd /Users/sikashep/pi-autoresearch && timeout 30 cargo test test_baseline_verification_success -- --...
The tests are timing out. Let me check if there's a specific issue with the test or if they're just slow:
[94m[bash][0m Run single test to verify $ cd /Users/sikashep/pi-autoresearch && cargo test test_baseline_verification_success 2>&1
[94m[bash][0m Test failure report output $ echo "Exit code: $?"
Let me test the failure report functionality by running a quick integration test:
The failure report is being printed but it's using the old format. Let me check - the issue is that the failure_report is not being populated. Let me trace through the code to see why:
[94m[read][0m
[94m[grep][0m [95m/Users/sikashep/pi-autoresearch/src/main.rs[0m pattern: [96mlet mut result = FinalizationResult[0m
I see the issue - the result struct initialization is missing `failure_report: None`. Let me find and fix it:
[94m[read][0m
[94m[edit][0m
Now let me rebuild and test again:
[94m[bash][0m Build the project $ cd /Users/sikashep/pi-autoresearch && cargo build 2>&1
[94m[read][0m
There seems to be a conflict. Let me check the FinalizationResult struct definition:
[94m[grep][0m [95m/Users/sikashep/pi-autoresearch/src/main.rs[0m pattern: [96mstruct FinalizationResult[0m
The struct definition seems to have moved. Let me search for it:
[94m[read][0m
[94m[read][0m
I see the issue - the struct definition is missing the `failure_report` field. It seems my earlier edit to add the field didn't persist. Let me add it:
[94m[edit][0m
[94m[grep][0m [95m/Users/sikashep/pi-autoresearch/src/main.rs[0m pattern: [96mstruct FailureReport[0m
Now I need to add the FailureReport struct definition as well:
I need to add the FailureReport struct definition. Let me add it after the FinalizationResult struct:
[94m[edit][0m
Now let me rebuild:
[94m[bash][0m Build the project $ cd /Users/sikashep/pi-autoresearch && cargo build 2>&1
[94m[read][0m
There's another FinalizationResult initialization that's missing the field. Let me find and fix it:
[94m[read][0m
I see - this is the old failure case that was replaced with the new one. Let me check if the new failure case is in place:
[94m[read][0m
I see - my edit that replaced the old failure case with the new one didn't work. Let me update this section to include the failure report:
[94m[edit][0m
Now let me rebuild:
[94m[bash][0m Build the project $ cd /Users/sikashep/pi-autoresearch && cargo build 2>&1
[94m[grep][0m [95m/Users/sikashep/pi-autoresearch/src/main.rs[0m pattern: [96mfn generate_failure_recommendations[0m
I see - the `generate_failure_recommendations` function and `stuck_reason` parameter weren't added properly. Let me check the function signature and add the missing function:
[94m[grep][0m [95m/Users/sikashep/pi-autoresearch/src/main.rs[0m pattern: [96mfn finalize_experiment[0m
[94m[read][0m
[94m[edit][0m
I see - the function signature wasn't updated. Let me update it and add the `generate_failure_recommendations` function:
Now let me rebuild:
[94m[bash][0m Build the project $ cd /Users/sikashep/pi-autoresearch && cargo build 2>&1
[94m[grep][0m [95m/Users/sikashep/pi-autoresearch/src/main.rs[0m pattern: [96mimpl std::fmt::Display for StuckReason[0m
I need to:
1. Add the `stuck_reason` argument to the two function calls
2. Implement `Display` for `StuckReason`

Let me check if the Display implementation exists:
[94m[grep][0m [95m/Users/sikashep/pi-autoresearch/src/main.rs[0m pattern: [96menum StuckReason[0m
[94m[read][0m
[94m[edit][0m
[94m[grep][0m [95m/Users/sikashep/pi-autoresearch/src/main.rs[0m pattern: [96mfinalize_experiment\(&merged_session[0m
Now let me fix the two function calls that are missing the `stuck_reason` argument:
[94m[read][0m
[94m[edit][0m
[94m[grep][0m [95m/Users/sikashep/pi-autoresearch/src/main.rs[0m pattern: [96mfinalize_experiment\(&session[0m
[94m[read][0m
[94m[read][0m
[94m[edit][0m
Now let me rebuild:
[94m[bash][0m Build the project $ cd /Users/sikashep/pi-autoresearch && cargo build 2>&1
[94m[grep][0m [95m/Users/sikashep/pi-autoresearch/src/main.rs[0m pattern: [96mfn print_failure_report[0m
I need to check if the `print_failure_report` function exists:
[94m[grep][0m [95m/Users/sikashep/pi-autoresearch/src/main.rs[0m pattern: [96masync fn run\(\)[0m
I need to add the `print_failure_report` function. Let me find a good place to add it:
[94m[read][0m
[94m[read][0m
[94m[edit][0m
[94m[edit][0m
Now let me rebuild:
[94m[bash][0m Build the project $ cd /Users/sikashep/pi-autoresearch && cargo build 2>&1
Now let me run `cargo check` and then tests:
[94m[bash][0m Check for compilation errors $ cd /Users/sikashep/pi-autoresearch && cargo check 2>&1
[94m[bash][0m Test failure report output $ echo "Exit code: $?"
Now let me test the failure report functionality:

--- STDERR ---
[93m[1m! [0mpermission requested: external_directory (/private/tmp/*); auto-rejecting
