# Iteration 3 Log

## Metadata

- **Task ID**: pi-autoresearch-z1z.11
- **Task Title**: US-6.1: Beads (bd) Integration
- **Description**: As a user of beads task tracking, I want experiments to create/update beads issues so that work is tracked in my workflow.

## Acceptance Criteria
- [ ] On experiment start: create bead issue with des...
- **Status**: completed
- **Task Completed**: Yes
- **Promise Detected**: Yes
- **Started At**: 2026-03-31T17:51:37.441Z
- **Ended At**: 2026-03-31T18:01:40.542Z
- **Duration**: 10m 3s
- **Agent**: opencode
- **Epic**: pi-autoresearch-z1z
- **Sandbox Mode**: auto
- **Sandbox Network**: Enabled
--- RAW OUTPUT ---
[94m[read][0m
[94m[glob][0m pattern: [96m**/*.rs[0m
[94m[read][0m
[94m[read][0m
[94m[bash][0m Check if bd CLI is available $ which bd
[94m[bash][0m Check bd CLI help and available commands $ bd --help 2>&1 | head -50
[94m[bash][0m Check bd create command options $ bd create --help 2>&1 | head -40
[94m[bash][0m Check bd update command options $ bd update --help 2>&1 | head -50
[94m[bash][0m Check bd close command options $ bd close --help 2>&1 | head -30
Now I'll implement the Beads (bd) integration. Based on the PRD and the existing codebase, I need to:

1. Add a `--beads-enabled` CLI flag
2. Create a bead issue on experiment start with design
3. Update the issue with progress on each iteration
4. Close the issue with results on completion
[94m[edit][0m
[94m[edit][0m
[94m[edit][0m
[94m[edit][0m
[94m[edit][0m
[94m[edit][0m
[94m[bash][0m Check for compilation errors $ cargo check 2>&1
[94m[read][0m
I need to fix two issues:
1. The `format!` macro syntax error - need to use comma-separated strings
2. The `beads` variable is out of scope in the iterative loop - need to pass it through
[94m[edit][0m
[94m[read][0m
Now I need to fix the scope issue with `beads`. I need to pass the beads integration into the `run_iterative_loop` function.
[94m[read][0m
[94m[read][0m
[94m[read][0m
[94m[read][0m
[94m[read][0m
I need to modify the `run_iterative_loop` function to accept a `BeadsIntegration` parameter. Let me look at the function signature and then update it.
[94m[edit][0m
[94m[edit][0m
[94m[grep][0m [95m/Users/sikashep/pi-autoresearch/src[0m pattern: [96mrun_iterative_loop\([0m
Now I need to update all the calls to `run_iterative_loop` to pass the beads integration.
[94m[read][0m
[94m[read][0m
[94m[read][0m
[94m[read][0m
[94m[read][0m
[94m[read][0m
[94m[read][0m
[94m[read][0m
[94m[read][0m
[94m[read][0m
[94m[read][0m
[94m[read][0m
[94m[read][0m
[94m[edit][0m
[94m[read][0m
[94m[read][0m
[94m[read][0m
[94m[edit][0m
[94m[read][0m
Now I need to update the main experiment flow to handle the beads correctly. Let me read more context around where `beads` is defined and used.
[94m[read][0m
[94m[read][0m
I see the issue - there's incorrect indentation. Let me fix the code and ensure the beads variable is properly scoped.
[94m[edit][0m
[94m[read][0m
Now I need to fix the variable shadowing issue with `beads_mut` and `beads`. Let me also update the logic to properly use the beads integration.
[94m[read][0m
[94m[edit][0m
[94m[read][0m
Now let me check if there are any issues with the call at line 1590 for the close_bead function.
[94m[read][0m
[94m[read][0m
[94m[edit][0m
I need to fix the `beads.close_bead` call since `beads` is now an `Option<BeadsIntegration>`.
Now let me run `cargo check` to see if there are any remaining issues.
[94m[bash][0m Check for compilation errors $ cargo check 2>&1
[94m[edit][0m
[94m[edit][0m
[94m[bash][0m Check for compilation errors $ cargo check 2>&1
Now let me run the tests to make sure nothing is broken.
[94m[bash][0m Run tests $ cargo test 2>&1
[94m[read][0m
Let me check the failing tests to understand what's happening.
Let me run one of the failing tests to see the actual error output.
[94m[bash][0m Run failing test with output $ cargo test test_iterative_loop_logs_iteration_record -- --nocapture 2>&1
The test passes individually. This is likely a test isolation issue - the tests are sharing state. Let me run all tests with `--test-threads=1` as mentioned in the progress.md file.
[94m[bash][0m Run tests sequentially $ cargo test --test-threads=1 2>&1
[94m[bash][0m Run tests sequentially $ cargo test -- --test-threads=1 2>&1
[94m[edit][0m
All tests pass when run sequentially. This confirms the test isolation issue is pre-existing. Now let me update the progress.md file and close the bead.
[94m[bash][0m Close the bead $ bd close pi-autoresearch-z1z.11 --db /Users/sikashep/pi-autoresearch/.beads/beads.db --reason "Imple...
[94m[bash][0m Verify --beads-enabled flag is in help $ pi-autoresearch --help 2>&1 | grep -A2 beads
[94m[bash][0m Build release binary $ cargo build --release 2>&1 | tail -5
[94m[bash][0m Verify --beads-enabled flag is in help $ ./target/release/pi-autoresearch --help 2>&1 | grep -A2 beads
<promise>COMPLETE</promise>
